// Jest Snapshot v1, https://goo.gl/fbAQLP

exports[`List When data is valid component should renders correctly 1`] = `
<ul
  className="list"
>
  <li
    className="list__item"
    onClick={[Function]}
  >
    ALL
  </li>
  <li
    className="list__item"
    onClick={[Function]}
  >
    DOCUMENTARY
  </li>
  <li
    className="list__item"
    onClick={[Function]}
  >
    COMEDY
  </li>
  <li
    className="list__item"
    onClick={[Function]}
  >
    HORROR
  </li>
  <li
    className="list__item"
    onClick={[Function]}
  >
    CRIME
  </li>
</ul>
`;
