// Jest Snapshot v1, https://goo.gl/fbAQLP

exports[`Text Area Input When data is valid component should renders correctly 1`] = `
<textarea
  className="input text-area-input"
  data-testid="text-area-input"
  name="data"
  onChange={[Function]}
  placeholder="input your data"
  style={
    Object {
      "height": "undefined",
    }
  }
  value="text"
/>
`;
