// Jest Snapshot v1, https://goo.gl/fbAQLP

exports[`Movie card When data is valid component should renders correctly 1`] = `
<div
  className="movie-card"
  data-testid="movie-card"
  id="1"
  onClick={[Function]}
  onMouseEnter={[Function]}
  onMouseLeave={[Function]}
>
  <figure
    className="movie-card__image-container"
  >
    <img
      alt="Example Movie_movie_poster"
      className="movie-card__image"
      src="http://uimage.com"
    />
  </figure>
  <div
    className="movie-card__description-container"
  >
    <p
      className="movie-card__description movie-card__description--title"
    >
      Example Movie
    </p>
    <p
      className="movie-card__description movie-card__description--production-year"
    >
      2022
    </p>
  </div>
  <p
    className="movie-card__description movie-card__description--genre"
  >
    Action, Drama
  </p>
</div>
`;
