// Jest Snapshot v1, https://goo.gl/fbAQLP

exports[`Movie details When data is valid component should renders correctly 1`] = `
<div
  className="movie-details"
>
  <div
    className="movie-details__icons-container"
  >
    <div
      className="movie-details__logo-containter"
    >
      <div
        className="logo"
      >
        <p
          className="logo__text logo__text--bold"
        >
          i
        </p>
        <p
          className="logo__text logo__text--thin"
        >
          movie
        </p>
      </div>
    </div>
    <span
      className="icon-search"
    />
  </div>
  <div
    className="movie-details__info-container"
  >
    <div
      className="movie-details__image-container"
    >
      <img
        alt="movie_card"
        className="movie-details__image"
        src="http://uimage.com"
      />
    </div>
    <div
      className="movie-details__details-container"
    >
      <div
        className="movie-details__heading-container"
      >
        <p
          className="movie-details__details-information--title"
        >
          Example Movie
        </p>
        <p
          className="movie-details__details-information--score"
        >
          9.3
        </p>
      </div>
      <p
        className="movie-details__details-information--genre"
      >
        Action, Drama
      </p>
      <p
        className="movie-details__details-information--release-date"
      >
        2022
      </p>
      <p
        className="movie-details__details-information--duration"
      >
        2h 35min
      </p>
      <p
        className="movie-details__details-information--description"
      >
        Movie description
      </p>
    </div>
  </div>
</div>
`;
