// Jest Snapshot v1, https://goo.gl/fbAQLP

exports[`Movie details When data is valid component should renders correctly 1`] = `
<div
  className="movie-details"
>
  <div
    className="movie-details__icons-container"
  >
    <div
      className="movie-details__logo-container"
    >
      <div
        className="logo"
      >
        <p
          className="logo__text logo__text--bold"
        >
          i
        </p>
        <p
          className="logo__text logo__text--thin"
        >
          movie
        </p>
      </div>
    </div>
    <span
      className="icon-search"
      onClick={[Function]}
    />
  </div>
  <div
    className="movie-details__info-container"
  >
    <figure
      className="movie-details__image-container"
    >
      <img
        alt="movie_card"
        className="movie-details__image"
      />
    </figure>
    <div
      className="movie-details__details-container"
    >
      <div
        className="movie-details__heading-container"
      >
        <p
          className="movie-details__details-information--title"
        />
        <p
          className="movie-details__details-information--score"
        />
      </div>
      <p
        className="movie-details__details-information--genre"
      />
      <p
        className="movie-details__details-information--release-date"
      />
      <p
        className="movie-details__details-information--duration"
      >
         minutes
      </p>
      <p
        className="movie-details__details-information--description"
      />
    </div>
  </div>
</div>
`;
