// Jest Snapshot v1, https://goo.gl/fbAQLP

exports[`Search renders correctly 1`] = `
<div>
  <div
    class="search"
  >
    <input
      class="search__input"
      placeholder="What do you want to watch?"
      value="Action"
    />
    <button
      class="search__button"
    >
      SEARCH
    </button>
  </div>
</div>
`;
