// Jest Snapshot v1, https://goo.gl/fbAQLP

exports[`Counter When data is valid component should renders correctly 1`] = `
<div
  className="counter"
>
  <p
    className="counter__text counter__count"
  >
    0
  </p>
  <p
    className="counter__text counter__message"
  >
    movies found
  </p>
  <button
    className="button-increment"
    onClick={[Function]}
  >
    increment
  </button>
  <button
    className="button-decrement"
    onClick={[Function]}
  >
    decrement
  </button>
</div>
`;
